// Jest Snapshot v1, https://goo.gl/fbAQLP

exports[`<Header /> <Header /> Rendered Correctly 1`] = `
<header
  className="App-header"
>
  <h1
    className="Center-align-text"
  >
    Flight Search Page
  </h1>
  <h2
    className="Center-align-text"
    hidden={true}
  >
    Displaying 10 Flight Routes
  </h2>
  <h3
    className="Center-align-text"
    hidden={true}
  >
    Please Select Any
  </h3>
  <h4
    className="Center-align-text"
  >
    Found 10 Flights
  </h4>
</header>
`;
