// Jest Snapshot v1, https://goo.gl/fbAQLP

exports[`<FlightLogo /> <FlightLogo /> Rendered Correctly 1`] = `
<img
  aria-hidden="true"
/>
`;
