// Jest Snapshot v1, https://goo.gl/fbAQLP

exports[`<DetailLabel /> <DetailLabel /> Rendered Correctly 1`] = `
<div
  className="detail-label"
>
  <h4 />
  <p />
</div>
`;
