// Jest Snapshot v1, https://goo.gl/fbAQLP

exports[`<Footer /> <Footer /> Rendered Correctly 1`] = `
<footer
  className="App-footer"
/>
`;
