// Jest Snapshot v1, https://goo.gl/fbAQLP

exports[`<App /> <APP /> Rendered Correctly 1`] = `
<div
  className="App"
>
  <Header />
  <Dashboard />
  <Footer />
</div>
`;
